
> node@0.1.0 build
> next build

Γû▓ Next.js 16.1.6 (Turbopack)

npm.cmd : ΓÜá The "middleware" file convention is deprecated. Please use 
"proxy" instead. Learn more: 
https://nextjs.org/docs/messages/middleware-to-proxy
At line:1 char:1
+ npm.cmd run build > build_output.log 2>&1
+ ~~~~~~~~~~~~~~~~~~~~~~~~~~~~~~~~~~~~~~~~~
    + CategoryInfo          : NotSpecified: (ΓÜá The "middle...leware-to-proxy 
   :String) [], RemoteException
    + FullyQualifiedErrorId : NativeCommandError
 
  Creating an optimized production build ...
Γ£ô Compiled successfully in 22.1s
  Running TypeScript ...
Failed to compile.

./src/app/(admin)/admin/login/page.tsx:46:18
Type error: Argument of type 'string | undefined' is not assignable to 
parameter of type 'SetStateAction<string>'.
  Type 'undefined' is not assignable to type 'SetStateAction<string>'.

[0m [90m 44 |[39m         
router[33m.[39mpush([32m"/admin/dashboard"[39m)[33m;[39m
 [90m 45 |[39m       } [36melse[39m {
[31m[1m>[22m[39m[90m 46 |[39m         
setError(res[33m.[39mmessage)[33m;[39m
 [90m    |[39m                  [31m[1m^[22m[39m
 [90m 47 |[39m       }
 [90m 48 |[39m     } [36mcatch[39m (err) {
 [90m 49 |[39m       setError([32m"An error occurred. Please try 
again."[39m)[33m;[39m[0m
Next.js build worker exited with code: 1 and signal: null
