
> node@0.1.0 prebuild
> npm run verify


> node@0.1.0 verify
> node scripts/check-env.js


[32mOK: All required environment variables are present.
[0m
node.exe : 
[33mRecommended variables 
not set:[0m
At C:\Program 
Files\nodejs\npm.ps1:29 
char:3
+   & $NODE_EXE 
$NPM_CLI_JS $args
+   ~~~~~~~~~~~~~~~~~~~~~~~
~~~~~~
    + CategoryInfo         
     : NotSpecified: ([3  
  3mRecommended variable   
 s not set:[0m:String)    
 [], RemoteException
    + FullyQualifiedErrorI 
   d : NativeCommandError
 
   - app URL: one of 
NEXT_PUBLIC_APP_URL, 
APP_URL
[33mThe app has fallbacks 
for these values, but 
production behavior is 
safer when they are 
configured explicitly.
[0m

> node@0.1.0 build
> next build

Γû▓ Next.js 16.2.0 (Turbopack)
- Environments: .env.local, .env
- Experiments (use with caution):
  ┬╖ optimizePackageImports
  ┬╖ serverActions

  Creating an optimized production build ...
Γ£ô Compiled successfully in 75s
  Running TypeScript ...
Failed to type check.

./src/app/api/chat/send/rou
te.ts:28:10
Type error: No overload 
matches this call.
  Overload 1 of 2, 
'(values: { channel?: 
string | null | undefined; 
content?: string | null | 
undefined; 
conversation_id?: string | 
null | undefined; 
created_at?: string | null 
| undefined; direction?: 
string | null | undefined; 
... 6 more ...; 
tenant_id?: string | ... 1 
more ... | undefined; }, 
options?: { ...; } | 
undefined): PostgrestFilter
Builder<...>', gave the 
following error.
    Argument of type '{ 
guest_id: any; listing_id: 
any; channel: string; 
direction: string; 
content: any; metadata: { 
read: false; }; 
created_at: string; }' is 
not assignable to 
parameter of type '{ 
channel?: string | null | 
undefined; content?: 
string | null | undefined; 
conversation_id?: string | 
null | undefined; 
created_at?: string | null 
| undefined; direction?: 
string | null | undefined; 
... 6 more ...; 
tenant_id?: string | ... 1 
more ... | undefined; }'.
      Property 'role' is 
missing in type '{ 
guest_id: any; listing_id: 
any; channel: string; 
direction: string; 
content: any; metadata: { 
read: false; }; 
created_at: string; }' but 
required in type '{ 
channel?: string | null | 
undefined; content?: 
string | null | undefined; 
conversation_id?: string | 
null | undefined; 
created_at?: string | null 
| undefined; direction?: 
string | null | undefined; 
... 6 more ...; 
tenant_id?: string | ... 1 
more ... | undefined; }'.
  Overload 2 of 2, 
'(values: { channel?: 
string | null | undefined; 
content?: string | null | 
undefined; 
conversation_id?: string | 
null | undefined; 
created_at?: string | null 
| undefined; direction?: 
string | null | undefined; 
... 6 more ...; 
tenant_id?: string | ... 1 
more ... | undefined; }[], 
options?: { ...; } | 
undefined): PostgrestFilter
Builder<...>', gave the 
following error.
    Object literal may 
only specify known 
properties, and 'guest_id' 
does not exist in type '{ 
channel?: string | null | 
undefined; content?: 
string | null | undefined; 
conversation_id?: string | 
null | undefined; 
created_at?: string | null 
| undefined; direction?: 
string | null | undefined; 
... 6 more ...; 
tenant_id?: string | ... 1 
more ... | undefined; }[]'.

  [90m26 |[0m     
[36mconst[0m { error } = 
[36mawait[0m supabase
  [90m27 |[0m         .[
36mfrom[0m([32m"messages"
[0m)
[31m[1m>[0m [90m28 
|[0m         .insert({
  [90m   |[0m          
[31m[1m^[0m
  [90m29 |[0m            
 guest_id: guestId,
  [90m30 |[0m            
 listing_id: listingId,
  [90m31 |[0m            
 channel: [32m'web'[0m,
Next.js build worker 
exited with code: 1 and 
signal: null
