src/app/api/integrations/webhook/booking/route.ts(87,29): error TS2345: Argument of type 'string | null' is not assignable to parameter of type 'string'.
  Type 'null' is not assignable to type 'string'.
src/app/api/integrations/webhook/meta/route.ts(73,7): error TS2322: Type 'boolean | null' is not assignable to type 'boolean'.
  Type 'null' is not assignable to type 'boolean'.
src/app/api/integrations/webhook/meta/route.ts(146,47): error TS2339: Property 'tone' does not exist on type 'string | number | boolean | { [key: string]: Json | undefined; } | Json[]'.
  Property 'tone' does not exist on type 'string'.
src/app/api/integrations/webhook/meta/route.ts(147,28): error TS2339: Property 'customInstructions' does not exist on type 'string | number | boolean | { [key: string]: Json | undefined; } | Json[]'.
  Property 'customInstructions' does not exist on type 'string'.
src/app/api/integrations/webhook/whatsapp/route.ts(42,7): error TS2322: Type 'boolean | null' is not assignable to type 'boolean'.
  Type 'null' is not assignable to type 'boolean'.
src/app/api/integrations/webhook/whatsapp/route.ts(153,47): error TS2339: Property 'tone' does not exist on type 'string | number | boolean | { [key: string]: Json | undefined; } | Json[]'.
  Property 'tone' does not exist on type 'string'.
src/app/api/integrations/webhook/whatsapp/route.ts(154,28): error TS2339: Property 'customInstructions' does not exist on type 'string | number | boolean | { [key: string]: Json | undefined; } | Json[]'.
  Property 'customInstructions' does not exist on type 'string'.
src/app/api/kyc/[token]/documents/route.ts(150,47): error TS2339: Property 'success' does not exist on type 'string | number | true | { [key: string]: Json | undefined; } | Json[]'.
  Property 'success' does not exist on type 'string'.
src/app/api/kyc/[token]/documents/route.ts(151,32): error TS2339: Property 'code' does not exist on type 'string | number | boolean | { [key: string]: Json | undefined; } | Json[]'.
  Property 'code' does not exist on type 'string'.
src/app/api/kyc/[token]/documents/route.ts(174,18): error TS2339: Property 'request_id' does not exist on type 'string | number | true | { [key: string]: Json | undefined; } | Json[]'.
  Property 'request_id' does not exist on type 'string'.
src/app/api/kyc/[token]/documents/route.ts(175,18): error TS2339: Property 'tenant_id' does not exist on type 'string | number | true | { [key: string]: Json | undefined; } | Json[]'.
  Property 'tenant_id' does not exist on type 'string'.
src/app/api/kyc/[token]/route.ts(33,15): error TS2339: Property 'success' does not exist on type 'string | number | boolean | { [key: string]: Json | undefined; } | Json[]'.
  Property 'success' does not exist on type 'string'.
src/app/api/kyc/[token]/route.ts(34,20): error TS2339: Property 'code' does not exist on type 'string | number | boolean | { [key: string]: Json | undefined; } | Json[]'.
  Property 'code' does not exist on type 'string'.
src/app/api/kyc/[token]/route.ts(37,27): error TS2339: Property 'error' does not exist on type 'string | number | boolean | { [key: string]: Json | undefined; } | Json[]'.
  Property 'error' does not exist on type 'string'.
src/app/api/kyc/[token]/route.ts(43,27): error TS2339: Property 'error' does not exist on type 'string | number | boolean | { [key: string]: Json | undefined; } | Json[]'.
  Property 'error' does not exist on type 'string'.
src/app/api/kyc/[token]/route.ts(50,46): error TS2339: Property 'error' does not exist on type 'string | number | boolean | { [key: string]: Json | undefined; } | Json[]'.
  Property 'error' does not exist on type 'string'.
src/app/api/kyc/[token]/route.ts(56,27): error TS2339: Property 'error' does not exist on type 'string | number | boolean | { [key: string]: Json | undefined; } | Json[]'.
  Property 'error' does not exist on type 'string'.
src/app/api/kyc/[token]/route.ts(63,27): error TS2339: Property 'error' does not exist on type 'string | number | boolean | { [key: string]: Json | undefined; } | Json[]'.
  Property 'error' does not exist on type 'string'.
src/app/api/kyc/[token]/route.ts(63,80): error TS2339: Property 'code' does not exist on type 'string | number | boolean | { [key: string]: Json | undefined; } | Json[]'.
  Property 'code' does not exist on type 'string'.
src/app/api/listings/[id]/calendar/route.ts(101,11): error TS2322: Type 'string | null' is not assignable to type 'string'.
  Type 'null' is not assignable to type 'string'.
src/app/api/listings/[id]/calendar/route.ts(115,13): error TS2345: Argument of type 'string | null' is not assignable to parameter of type 'string'.
  Type 'null' is not assignable to type 'string'.
src/app/api/listings/[id]/calendar/route.ts(261,37): error TS2769: No overload matches this call.
  Overload 1 of 2, '(input: string | Request | URL, init?: RequestInit | undefined): Promise<Response>', gave the following error.
    Argument of type 'string | null' is not assignable to parameter of type 'string | Request | URL'.
      Type 'null' is not assignable to type 'string | Request | URL'.
  Overload 2 of 2, '(input: RequestInfo | URL, init?: RequestInit | undefined): Promise<Response>', gave the following error.
    Argument of type 'string | null' is not assignable to parameter of type 'RequestInfo | URL'.
      Type 'null' is not assignable to type 'RequestInfo | URL'.
src/app/api/listings/[id]/calendar/route.ts(278,25): error TS2345: Argument of type 'string | null' is not assignable to parameter of type 'string'.
  Type 'null' is not assignable to type 'string'.
src/app/api/listings/[id]/calendar/route.ts(336,27): error TS2345: Argument of type 'string | null' is not assignable to parameter of type 'string'.
  Type 'null' is not assignable to type 'string'.
src/app/api/listings/[id]/calendar/route.ts(338,28): error TS2322: Type 'string | null' is not assignable to type 'string'.
  Type 'null' is not assignable to type 'string'.
src/app/api/listings/[id]/calendar/route.ts(349,27): error TS2345: Argument of type 'string | null' is not assignable to parameter of type 'string'.
  Type 'null' is not assignable to type 'string'.
src/app/api/listings/[id]/calendar/route.ts(350,28): error TS2322: Type 'string | null' is not assignable to type 'string'.
  Type 'null' is not assignable to type 'string'.
src/app/api/listings/[id]/sync/export/route.ts(45,19): error TS18047: 'booking.start_date' is possibly 'null'.
src/app/api/listings/[id]/sync/export/route.ts(46,17): error TS18047: 'booking.end_date' is possibly 'null'.
src/app/api/listings/[id]/sync/import/route.ts(47,94): error TS2345: Argument of type 'string | null' is not assignable to parameter of type 'string | undefined'.
  Type 'null' is not assignable to type 'string | undefined'.
src/app/api/listings/[id]/sync/import/route.ts(49,63): error TS2345: Argument of type 'string | null' is not assignable to parameter of type 'string'.
  Type 'null' is not assignable to type 'string'.
src/app/api/listings/[id]/sync/import/route.ts(54,37): error TS2345: Argument of type 'string | null' is not assignable to parameter of type 'string'.
  Type 'null' is not assignable to type 'string'.
src/app/api/listings/[id]/sync/import/route.ts(147,24): error TS2345: Argument of type 'string | null' is not assignable to parameter of type 'string'.
  Type 'null' is not assignable to type 'string'.
src/app/api/listings/[id]/sync/push/route.ts(118,37): error TS2769: No overload matches this call.
  Overload 1 of 2, '(input: string | Request | URL, init?: RequestInit | undefined): Promise<Response>', gave the following error.
    Argument of type 'string | null' is not assignable to parameter of type 'string | Request | URL'.
      Type 'null' is not assignable to type 'string | Request | URL'.
  Overload 2 of 2, '(input: RequestInfo | URL, init?: RequestInit | undefined): Promise<Response>', gave the following error.
    Argument of type 'string | null' is not assignable to parameter of type 'RequestInfo | URL'.
      Type 'null' is not assignable to type 'RequestInfo | URL'.
src/app/api/listings/[id]/sync/push/route.ts(136,25): error TS2345: Argument of type 'string | null' is not assignable to parameter of type 'string'.
  Type 'null' is not assignable to type 'string'.
src/app/api/listings/[id]/sync/push/route.ts(197,27): error TS2345: Argument of type 'string | null' is not assignable to parameter of type 'string'.
  Type 'null' is not assignable to type 'string'.
src/app/api/listings/[id]/sync/push/route.ts(199,24): error TS2322: Type 'string | null' is not assignable to type 'string'.
  Type 'null' is not assignable to type 'string'.
src/app/api/listings/[id]/sync/push/route.ts(212,27): error TS2345: Argument of type 'string | null' is not assignable to parameter of type 'string'.
  Type 'null' is not assignable to type 'string'.
src/app/api/listings/[id]/sync/push/route.ts(214,24): error TS2322: Type 'string | null' is not assignable to type 'string'.
  Type 'null' is not assignable to type 'string'.
src/app/api/messages/ai-reply/route.ts(160,19): error TS2345: Argument of type 'string | null' is not assignable to parameter of type 'string'.
  Type 'null' is not assignable to type 'string'.
src/app/api/messages/ai-reply/route.ts(162,55): error TS2345: Argument of type 'string | null' is not assignable to parameter of type 'string'.
  Type 'null' is not assignable to type 'string'.
src/app/api/messages/ai-reply/route.ts(166,27): error TS2345: Argument of type 'string | null' is not assignable to parameter of type 'string'.
  Type 'null' is not assignable to type 'string'.
src/app/api/messages/ai-reply/route.ts(188,45): error TS2345: Argument of type 'string | null | undefined' is not assignable to parameter of type 'BusinessType | null | undefined'.
  Type 'string' is not assignable to type 'BusinessType | null | undefined'.
src/app/api/messages/ai-reply/route.ts(200,11): error TS2322: Type 'string | null' is not assignable to type 'string | undefined'.
  Type 'null' is not assignable to type 'string | undefined'.
src/app/api/messages/ai-reply/route.ts(222,47): error TS2339: Property 'tone' does not exist on type 'string | number | boolean | { [key: string]: Json | undefined; } | Json[]'.
  Property 'tone' does not exist on type 'string'.
src/app/api/messages/ai-reply/route.ts(223,28): error TS2339: Property 'customInstructions' does not exist on type 'string | number | boolean | { [key: string]: Json | undefined; } | Json[]'.
  Property 'customInstructions' does not exist on type 'string'.
src/app/api/payments/webhook/route.ts(82,19): error TS2345: Argument of type 'string | null' is not assignable to parameter of type 'string'.
  Type 'null' is not assignable to type 'string'.
src/app/api/payments/webhook/route.ts(107,19): error TS2345: Argument of type 'string | null' is not assignable to parameter of type 'string'.
  Type 'null' is not assignable to type 'string'.
src/app/api/payments/webhook/route.ts(115,37): error TS2769: No overload matches this call.
  Overload 1 of 4, '(value: string | number | Date): Date', gave the following error.
    Argument of type 'string | null' is not assignable to parameter of type 'string | number | Date'.
      Type 'null' is not assignable to type 'string | number | Date'.
  Overload 2 of 4, '(value: string | number): Date', gave the following error.
    Argument of type 'string | null' is not assignable to parameter of type 'string | number'.
      Type 'null' is not assignable to type 'string | number'.
src/app/api/payments/webhook/route.ts(116,35): error TS2769: No overload matches this call.
  Overload 1 of 4, '(value: string | number | Date): Date', gave the following error.
    Argument of type 'string | null' is not assignable to parameter of type 'string | number | Date'.
      Type 'null' is not assignable to type 'string | number | Date'.
  Overload 2 of 4, '(value: string | number): Date', gave the following error.
    Argument of type 'string | null' is not assignable to parameter of type 'string | number'.
      Type 'null' is not assignable to type 'string | number'.
src/app/api/payments/webhook/route.ts(119,41): error TS2769: No overload matches this call.
  Overload 1 of 2, '(values: { channel?: string | null | undefined; content?: string | null | undefined; conversation_id?: string | null | undefined; created_at?: string | null | undefined; direction?: string | null | undefined; ... 6 more ...; tenant_id?: string | ... 1 more ... | undefined; }, options?: { ...; } | undefined): PostgrestFilterBuilder<...>', gave the following error.
    Argument of type '{ tenant_id: string | null; listing_id: string; guest_id: string; channel: any; direction: string; content: string; metadata: { read: false; trigger: string; }; created_at: string; }' is not assignable to parameter of type '{ channel?: string | null | undefined; content?: string | null | undefined; conversation_id?: string | null | undefined; created_at?: string | null | undefined; direction?: string | null | undefined; ... 6 more ...; tenant_id?: string | ... 1 more ... | undefined; }'.
      Property 'role' is missing in type '{ tenant_id: string | null; listing_id: string; guest_id: string; channel: any; direction: string; content: string; metadata: { read: false; trigger: string; }; created_at: string; }' but required in type '{ channel?: string | null | undefined; content?: string | null | undefined; conversation_id?: string | null | undefined; created_at?: string | null | undefined; direction?: string | null | undefined; ... 6 more ...; tenant_id?: string | ... 1 more ... | undefined; }'.
  Overload 2 of 2, '(values: { channel?: string | null | undefined; content?: string | null | undefined; conversation_id?: string | null | undefined; created_at?: string | null | undefined; direction?: string | null | undefined; ... 6 more ...; tenant_id?: string | ... 1 more ... | undefined; }[], options?: { ...; } | undefined): PostgrestFilterBuilder<...>', gave the following error.
    Object literal may only specify known properties, and 'tenant_id' does not exist in type '{ channel?: string | null | undefined; content?: string | null | undefined; conversation_id?: string | null | undefined; created_at?: string | null | undefined; direction?: string | null | undefined; ... 6 more ...; tenant_id?: string | ... 1 more ... | undefined; }[]'.
src/app/api/payments/webhook/route.ts(133,13): error TS2322: Type 'string | null' is not assignable to type 'string'.
  Type 'null' is not assignable to type 'string'.
src/app/api/payments/webhook/route.ts(162,19): error TS2345: Argument of type 'string | null' is not assignable to parameter of type 'string'.
  Type 'null' is not assignable to type 'string'.
src/app/api/public/ical/[id]/route.ts(60,19): error TS18047: 'booking.start_date' is possibly 'null'.
src/app/api/public/ical/[id]/route.ts(61,17): error TS18047: 'booking.end_date' is possibly 'null'.
src/app/api/team/members/[id]/route.ts(82,19): error TS2353: Object literal may only specify known properties, and 'status' does not exist in type '{ created_at?: string | null | undefined; email?: string | undefined; expires_at?: string | undefined; id?: string | undefined; role?: string | undefined; tenant_id?: string | null | undefined; token?: string | undefined; }'.
src/app/api/team/members/invite/route.ts(104,8): error TS2769: No overload matches this call.
  Overload 1 of 2, '(values: { created_at?: string | null | undefined; email: string; expires_at: string; id?: string | undefined; role?: string | undefined; tenant_id?: string | null | undefined; token: string; }, options?: { ...; } | undefined): PostgrestFilterBuilder<...>', gave the following error.
    Object literal may only specify known properties, and 'invited_by' does not exist in type '{ created_at?: string | null | undefined; email: string; expires_at: string; id?: string | undefined; role?: string | undefined; tenant_id?: string | null | undefined; token: string; }'.
  Overload 2 of 2, '(values: { created_at?: string | null | undefined; email: string; expires_at: string; id?: string | undefined; role?: string | undefined; tenant_id?: string | null | undefined; token: string; }[], options?: { ...; } | undefined): PostgrestFilterBuilder<...>', gave the following error.
    Object literal may only specify known properties, and 'tenant_id' does not exist in type '{ created_at?: string | null | undefined; email: string; expires_at: string; id?: string | undefined; role?: string | undefined; tenant_id?: string | null | undefined; token: string; }[]'.
src/components/products/manager/WalletDemo.tsx(61,74): error TS2339: Property 'reason' does not exist on type 'WalletTransaction'.
src/components/products/manager/WalletDemo.tsx(62,88): error TS2339: Property 'timestamp' does not exist on type 'WalletTransaction'.
src/lib/crypto/webhook-verify.test.ts(19,65): error TS2554: Expected 2 arguments, but got 3.
src/lib/crypto/webhook-verify.test.ts(24,78): error TS2554: Expected 2 arguments, but got 3.
src/lib/crypto/webhook-verify.test.ts(39,56): error TS2554: Expected 2 arguments, but got 3.
src/lib/services/adminService.ts(90,5): error TS2322: Type '{ id: string; phone: string; email: string | null; plan: string; businessType: string; joinedAt: string | null; walletBalance: any; }[]' is not assignable to type 'CustomerSummary[]'.
  Type '{ id: string; phone: string; email: string | null; plan: string; businessType: string; joinedAt: string | null; walletBalance: any; }' is not assignable to type 'CustomerSummary'.
    Types of property 'joinedAt' are incompatible.
      Type 'string | null' is not assignable to type 'string'.
        Type 'null' is not assignable to type 'string'.
src/lib/services/analyticsService.ts(126,51): error TS2769: No overload matches this call.
  Overload 1 of 4, '(value: string | number | Date): Date', gave the following error.
    Argument of type 'string | null' is not assignable to parameter of type 'string | number | Date'.
      Type 'null' is not assignable to type 'string | number | Date'.
  Overload 2 of 4, '(value: string | number): Date', gave the following error.
    Argument of type 'string | null' is not assignable to parameter of type 'string | number'.
      Type 'null' is not assignable to type 'string | number'.
src/lib/services/analyticsService.ts(129,51): error TS2769: No overload matches this call.
  Overload 1 of 4, '(value: string | number | Date): Date', gave the following error.
    Argument of type 'string | null' is not assignable to parameter of type 'string | number | Date'.
      Type 'null' is not assignable to type 'string | number | Date'.
  Overload 2 of 4, '(value: string | number): Date', gave the following error.
    Argument of type 'string | null' is not assignable to parameter of type 'string | number'.
      Type 'null' is not assignable to type 'string | number'.
src/lib/services/analyticsService.ts(255,46): error TS2769: No overload matches this call.
  Overload 1 of 4, '(value: string | number | Date): Date', gave the following error.
    Argument of type 'string | null' is not assignable to parameter of type 'string | number | Date'.
      Type 'null' is not assignable to type 'string | number | Date'.
  Overload 2 of 4, '(value: string | number): Date', gave the following error.
    Argument of type 'string | null' is not assignable to parameter of type 'string | number'.
      Type 'null' is not assignable to type 'string | number'.
src/lib/services/analyticsService.ts(258,46): error TS2769: No overload matches this call.
  Overload 1 of 4, '(value: string | number | Date): Date', gave the following error.
    Argument of type 'string | null' is not assignable to parameter of type 'string | number | Date'.
      Type 'null' is not assignable to type 'string | number | Date'.
  Overload 2 of 4, '(value: string | number): Date', gave the following error.
    Argument of type 'string | null' is not assignable to parameter of type 'string | number'.
      Type 'null' is not assignable to type 'string | number'.
src/lib/services/exportService.ts(44,57): error TS2345: Argument of type '(value: string) => string' is not assignable to parameter of type '(value: string | null, index: number, array: (string | null)[]) => string'.
  Types of parameters 'value' and 'value' are incompatible.
    Type 'string | null' is not assignable to type 'string'.
      Type 'null' is not assignable to type 'string'.
src/lib/services/exportService.ts(73,57): error TS2345: Argument of type '(value: string) => string' is not assignable to parameter of type '(value: string | null, index: number, array: (string | null)[]) => string'.
  Types of parameters 'value' and 'value' are incompatible.
    Type 'string | null' is not assignable to type 'string'.
      Type 'null' is not assignable to type 'string'.
src/lib/services/exportService.ts(103,57): error TS2345: Argument of type '(value: string) => string' is not assignable to parameter of type '(value: string | null, index: number, array: (string | null)[]) => string'.
  Types of parameters 'value' and 'value' are incompatible.
    Type 'string | null' is not assignable to type 'string'.
      Type 'null' is not assignable to type 'string'.
src/lib/services/exportService.ts(130,57): error TS2345: Argument of type '(value: string) => string' is not assignable to parameter of type '(value: string | null, index: number, array: (string | null)[]) => string'.
  Types of parameters 'value' and 'value' are incompatible.
    Type 'string | null' is not assignable to type 'string'.
      Type 'null' is not assignable to type 'string'.
src/lib/services/failureService.ts(27,35): error TS2769: No overload matches this call.
  Overload 1 of 4, '(value: string | number | Date): Date', gave the following error.
    Argument of type 'string | null' is not assignable to parameter of type 'string | number | Date'.
      Type 'null' is not assignable to type 'string | number | Date'.
  Overload 2 of 4, '(value: string | number): Date', gave the following error.
    Argument of type 'string | null' is not assignable to parameter of type 'string | number'.
      Type 'null' is not assignable to type 'string | number'.
src/lib/services/growthService.ts(65,33): error TS2769: No overload matches this call.
  Overload 1 of 4, '(value: string | number | Date): Date', gave the following error.
    Argument of type 'string | null' is not assignable to parameter of type 'string | number | Date'.
      Type 'null' is not assignable to type 'string | number | Date'.
  Overload 2 of 4, '(value: string | number): Date', gave the following error.
    Argument of type 'string | null' is not assignable to parameter of type 'string | number'.
      Type 'null' is not assignable to type 'string | number'.
src/lib/services/growthService.ts(66,31): error TS2769: No overload matches this call.
  Overload 1 of 4, '(value: string | number | Date): Date', gave the following error.
    Argument of type 'string | null' is not assignable to parameter of type 'string | number | Date'.
      Type 'null' is not assignable to type 'string | number | Date'.
  Overload 2 of 4, '(value: string | number): Date', gave the following error.
    Argument of type 'string | null' is not assignable to parameter of type 'string | number'.
      Type 'null' is not assignable to type 'string | number'.
src/lib/services/growthService.ts(146,26): error TS2345: Argument of type 'string | null' is not assignable to parameter of type 'string'.
  Type 'null' is not assignable to type 'string'.
src/lib/services/growthService.ts(172,8): error TS2769: No overload matches this call.
  Overload 1 of 2, '(values: { channel?: string | null | undefined; content?: string | null | undefined; conversation_id?: string | null | undefined; created_at?: string | null | undefined; direction?: string | null | undefined; ... 6 more ...; tenant_id?: string | ... 1 more ... | undefined; }, options?: { ...; } | undefined): PostgrestFilterBuilder<...>', gave the following error.
    Argument of type '{ tenant_id: string; conversation_id: string; content: string; direction: string; channel: string; external_id: string | null; }' is not assignable to parameter of type '{ channel?: string | null | undefined; content?: string | null | undefined; conversation_id?: string | null | undefined; created_at?: string | null | undefined; direction?: string | null | undefined; ... 6 more ...; tenant_id?: string | ... 1 more ... | undefined; }'.
      Property 'role' is missing in type '{ tenant_id: string; conversation_id: string; content: string; direction: string; channel: string; external_id: string | null; }' but required in type '{ channel?: string | null | undefined; content?: string | null | undefined; conversation_id?: string | null | undefined; created_at?: string | null | undefined; direction?: string | null | undefined; ... 6 more ...; tenant_id?: string | ... 1 more ... | undefined; }'.
  Overload 2 of 2, '(values: { channel?: string | null | undefined; content?: string | null | undefined; conversation_id?: string | null | undefined; created_at?: string | null | undefined; direction?: string | null | undefined; ... 6 more ...; tenant_id?: string | ... 1 more ... | undefined; }[], options?: { ...; } | undefined): PostgrestFilterBuilder<...>', gave the following error.
    Object literal may only specify known properties, and 'tenant_id' does not exist in type '{ channel?: string | null | undefined; content?: string | null | undefined; conversation_id?: string | null | undefined; created_at?: string | null | undefined; direction?: string | null | undefined; ... 6 more ...; tenant_id?: string | ... 1 more ... | undefined; }[]'.
src/lib/services/growthService.ts(223,7): error TS2322: Type 'string | null' is not assignable to type 'string'.
  Type 'null' is not assignable to type 'string'.
src/lib/services/growthService.ts(230,45): error TS2698: Spread types may only be created from object types.
src/lib/services/inboxService.ts(23,12): error TS2352: Conversion of type '{ channel: string; contact_avatar: string | null; contact_name: string | null; created_at: string | null; external_id: string | null; id: string; last_message_at: string | null; metadata: Json; status: string | null; tenant_id: string; updated_at: string | null; }[]' to type 'Conversation[]' may be a mistake because neither type sufficiently overlaps with the other. If this was intentional, convert the expression to 'unknown' first.
  Type '{ channel: string; contact_avatar: string | null; contact_name: string | null; created_at: string | null; external_id: string | null; id: string; last_message_at: string | null; metadata: Json; status: string | null; tenant_id: string; updated_at: string | null; }' is missing the following properties from type 'Conversation': tenantId, externalId, contactName, contactAvatar, and 3 more.
src/lib/services/inboxService.ts(76,13): error TS2698: Spread types may only be created from object types.
src/lib/services/invoiceService.ts(28,32): error TS2769: No overload matches this call.
  Overload 1 of 4, '(value: string | number | Date): Date', gave the following error.
    Argument of type 'string | null' is not assignable to parameter of type 'string | number | Date'.
      Type 'null' is not assignable to type 'string | number | Date'.
  Overload 2 of 4, '(value: string | number): Date', gave the following error.
    Argument of type 'string | null' is not assignable to parameter of type 'string | number'.
      Type 'null' is not assignable to type 'string | number'.
src/lib/services/invoiceService.ts(32,25): error TS18047: 'invoice.status' is possibly 'null'.
src/lib/services/kaisa/config.ts(123,30): error TS2352: Conversion of type 'string | number | boolean | { [key: string]: Json | undefined; } | Json[] | null' to type 'KaisaGlobalConfig' may be a mistake because neither type sufficiently overlaps with the other. If this was intentional, convert the expression to 'unknown' first.
  Type 'Json[]' is missing the following properties from type 'KaisaGlobalConfig': systemStatus, roles, modules, integrations
src/lib/services/kaisa/config.ts(141,14): error TS2769: No overload matches this call.
  Overload 1 of 2, '(values: { key: string; updated_at?: string | undefined; updated_by?: string | null | undefined; value: Json; }, options?: { onConflict?: string | undefined; ignoreDuplicates?: boolean | undefined; count?: "exact" | ... 2 more ... | undefined; } | undefined): PostgrestFilterBuilder<...>', gave the following error.
    Type 'KaisaGlobalConfig' is not assignable to type 'Json'.
      Type 'KaisaGlobalConfig' is not assignable to type '{ [key: string]: Json | undefined; }'.
        Index signature for type 'string' is missing in type 'KaisaGlobalConfig'.
  Overload 2 of 2, '(values: { key: string; updated_at?: string | undefined; updated_by?: string | null | undefined; value: Json; }[], options?: { onConflict?: string | undefined; ignoreDuplicates?: boolean | undefined; count?: "exact" | ... 2 more ... | undefined; defaultToNull?: boolean | undefined; } | undefined): PostgrestFilterBuilder<...>', gave the following error.
    Object literal may only specify known properties, but 'key' does not exist in type '{ key: string; updated_at?: string | undefined; updated_by?: string | null | undefined; value: Json; }[]'. Did you mean to write 'keys'?
